2026-08-03 11:08:21,174 INFO sector_report.data_source - 使用 AKShare 1.18.64
2026-08-03 11:08:22,514 INFO sector_report.app - 同步历史 1/20：白酒（2026-05-05 至 2026-08-03）
2026-08-03 11:08:24,547 INFO sector_report.app - 同步历史 2/20：食品加工制造（2026-05-05 至 2026-08-03）
2026-08-03 11:08:25,958 INFO sector_report.app - 同步历史 3/20：半导体（2026-05-05 至 2026-08-03）
2026-08-03 11:08:27,292 INFO sector_report.app - 同步历史 4/20：软件开发（2026-05-05 至 2026-08-03）
2026-08-03 11:08:28,708 INFO sector_report.app - 同步历史 5/20：IT服务（2026-05-05 至 2026-08-03）
2026-08-03 11:08:30,007 INFO sector_report.app - 同步历史 6/20：计算机设备（2026-05-05 至 2026-08-03）
2026-08-03 11:08:31,341 INFO sector_report.app - 同步历史 7/20：通信设备（2026-05-05 至 2026-08-03）
2026-08-03 11:08:32,677 INFO sector_report.app - 同步历史 8/20：消费电子（2026-05-05 至 2026-08-03）
2026-08-03 11:08:34,127 INFO sector_report.app - 同步历史 9/20：医疗器械（2026-05-05 至 2026-08-03）
2026-08-03 11:08:35,409 INFO sector_report.app - 同步历史 10/20：医疗服务（2026-05-05 至 2026-08-03）
2026-08-03 11:08:36,726 INFO sector_report.app - 同步历史 11/20：化学制药（2026-05-05 至 2026-08-03）
2026-08-03 11:08:38,034 INFO sector_report.app - 同步历史 12/20：生物制品（2026-05-05 至 2026-08-03）
2026-08-03 11:08:39,530 INFO sector_report.app - 同步历史 13/20：中药（2026-05-05 至 2026-08-03）
2026-08-03 11:08:40,875 INFO sector_report.app - 同步历史 14/20：光学光电子（2026-05-05 至 2026-08-03）
2026-08-03 11:08:42,282 INFO sector_report.app - 同步历史 15/20：光伏设备（2026-05-05 至 2026-08-03）
2026-08-03 11:08:43,577 INFO sector_report.app - 同步历史 16/20：风电设备（2026-05-05 至 2026-08-03）
2026-08-03 11:08:44,884 INFO sector_report.app - 同步历史 17/20：电池（2026-05-05 至 2026-08-03）
2026-08-03 11:08:46,223 INFO sector_report.app - 同步历史 18/20：电力（2026-05-05 至 2026-08-03）
2026-08-03 11:08:47,640 INFO sector_report.app - 同步历史 19/20：煤炭开采加工（2026-05-05 至 2026-08-03）
2026-08-03 11:08:49,045 INFO sector_report.app - 同步历史 20/20：油气开采及服务（2026-05-05 至 2026-08-03）
2026-08-03 11:08:52,011 INFO sector_report.app - dry-run 完成：E:\1-私募\7-分版块趋势\output\2026-08-03\report.html
2026-08-03 11:28:27,331 INFO sector_report.data_source - 使用 AKShare 1.18.64
2026-08-03 11:28:28,026 INFO sector_report.app - 同步历史 1/20：白酒（2026-07-21 至 2026-08-03）
2026-08-03 11:28:30,036 INFO sector_report.app - 同步历史 2/20：食品加工制造（2026-07-21 至 2026-08-03）
2026-08-03 11:28:31,310 INFO sector_report.app - 同步历史 3/20：半导体（2026-07-21 至 2026-08-03）
2026-08-03 11:28:32,565 INFO sector_report.app - 同步历史 4/20：软件开发（2026-07-21 至 2026-08-03）
2026-08-03 11:28:33,840 INFO sector_report.app - 同步历史 5/20：IT服务（2026-07-21 至 2026-08-03）
2026-08-03 11:28:35,108 INFO sector_report.app - 同步历史 6/20：计算机设备（2026-07-21 至 2026-08-03）
2026-08-03 11:28:36,406 INFO sector_report.app - 同步历史 7/20：通信设备（2026-07-21 至 2026-08-03）
2026-08-03 11:28:37,668 INFO sector_report.app - 同步历史 8/20：消费电子（2026-07-21 至 2026-08-03）
2026-08-03 11:28:38,930 INFO sector_report.app - 同步历史 9/20：医疗器械（2026-07-21 至 2026-08-03）
2026-08-03 11:28:40,211 INFO sector_report.app - 同步历史 10/20：医疗服务（2026-07-21 至 2026-08-03）
2026-08-03 11:28:41,518 INFO sector_report.app - 同步历史 11/20：化学制药（2026-07-21 至 2026-08-03）
2026-08-03 11:28:42,771 INFO sector_report.app - 同步历史 12/20：生物制品（2026-07-21 至 2026-08-03）
2026-08-03 11:28:44,051 INFO sector_report.app - 同步历史 13/20：中药（2026-07-21 至 2026-08-03）
2026-08-03 11:28:45,495 INFO sector_report.app - 同步历史 14/20：光学光电子（2026-07-21 至 2026-08-03）
2026-08-03 11:28:46,869 INFO sector_report.app - 同步历史 15/20：光伏设备（2026-07-21 至 2026-08-03）
2026-08-03 11:28:48,158 INFO sector_report.app - 同步历史 16/20：风电设备（2026-07-21 至 2026-08-03）
2026-08-03 11:28:49,423 INFO sector_report.app - 同步历史 17/20：电池（2026-07-21 至 2026-08-03）
2026-08-03 11:28:50,711 INFO sector_report.app - 同步历史 18/20：电力（2026-07-21 至 2026-08-03）
2026-08-03 11:28:52,146 INFO sector_report.app - 同步历史 19/20：煤炭开采加工（2026-07-21 至 2026-08-03）
2026-08-03 11:28:53,415 INFO sector_report.app - 同步历史 20/20：油气开采及服务（2026-07-21 至 2026-08-03）
2026-08-03 11:28:55,827 ERROR sector_report.app - 报告任务失败：环境变量 SMTP_AUTH_CODE 未设置；请填写 126 邮箱客户端授权码，而不是网页登录密码
Traceback (most recent call last):
  File "E:\1-私募\7-分版块趋势\sector_report\app.py", line 129, in run_report
    emailer.send_html(subject, email_html, {"heatmap": charts["heatmap"], "trends": charts["trends"]})
  File "E:\1-私募\7-分版块趋势\sector_report\emailer.py", line 21, in send_html
    raise RuntimeError(
RuntimeError: 环境变量 SMTP_AUTH_CODE 未设置；请填写 126 邮箱客户端授权码，而不是网页登录密码
2026-08-03 11:31:05,889 INFO sector_report.data_source - 使用 AKShare 1.18.64
2026-08-03 11:31:07,079 INFO sector_report.app - 同步历史 1/20：白酒（2026-07-21 至 2026-08-03）
2026-08-03 11:31:09,434 INFO sector_report.app - 同步历史 2/20：食品加工制造（2026-07-21 至 2026-08-03）
2026-08-03 11:31:10,793 INFO sector_report.app - 同步历史 3/20：半导体（2026-07-21 至 2026-08-03）
2026-08-03 11:31:12,192 INFO sector_report.app - 同步历史 4/20：软件开发（2026-07-21 至 2026-08-03）
2026-08-03 11:31:13,454 INFO sector_report.app - 同步历史 5/20：IT服务（2026-07-21 至 2026-08-03）
2026-08-03 11:31:14,715 INFO sector_report.app - 同步历史 6/20：计算机设备（2026-07-21 至 2026-08-03）
2026-08-03 11:31:16,066 INFO sector_report.app - 同步历史 7/20：通信设备（2026-07-21 至 2026-08-03）
2026-08-03 11:31:17,367 INFO sector_report.app - 同步历史 8/20：消费电子（2026-07-21 至 2026-08-03）
2026-08-03 11:31:18,784 INFO sector_report.app - 同步历史 9/20：医疗器械（2026-07-21 至 2026-08-03）
2026-08-03 11:31:20,085 INFO sector_report.app - 同步历史 10/20：医疗服务（2026-07-21 至 2026-08-03）
2026-08-03 11:31:21,438 INFO sector_report.app - 同步历史 11/20：化学制药（2026-07-21 至 2026-08-03）
2026-08-03 11:31:22,713 INFO sector_report.app - 同步历史 12/20：生物制品（2026-07-21 至 2026-08-03）
2026-08-03 11:31:24,117 INFO sector_report.app - 同步历史 13/20：中药（2026-07-21 至 2026-08-03）
2026-08-03 11:31:25,474 INFO sector_report.app - 同步历史 14/20：光学光电子（2026-07-21 至 2026-08-03）
2026-08-03 11:31:26,816 INFO sector_report.app - 同步历史 15/20：光伏设备（2026-07-21 至 2026-08-03）
2026-08-03 11:31:28,464 INFO sector_report.app - 同步历史 16/20：风电设备（2026-07-21 至 2026-08-03）
2026-08-03 11:31:29,906 INFO sector_report.app - 同步历史 17/20：电池（2026-07-21 至 2026-08-03）
2026-08-03 11:31:31,317 INFO sector_report.app - 同步历史 18/20：电力（2026-07-21 至 2026-08-03）
2026-08-03 11:31:33,012 INFO sector_report.app - 同步历史 19/20：煤炭开采加工（2026-07-21 至 2026-08-03）
2026-08-03 11:31:34,456 INFO sector_report.app - 同步历史 20/20：油气开采及服务（2026-07-21 至 2026-08-03）
2026-08-03 11:31:41,505 INFO sector_report.app - 报告已发送至 tfy1317262462@126.com
2026-08-03 13:07:09,066 INFO sector_report.data_source - 使用 AKShare 1.18.64
2026-08-03 13:07:10,520 INFO sector_report.app - 同步历史 1/20：白酒（2026-07-21 至 2026-08-03）
2026-08-03 13:07:12,615 INFO sector_report.app - 同步历史 2/20：食品加工制造（2026-07-21 至 2026-08-03）
2026-08-03 13:07:13,992 INFO sector_report.app - 同步历史 3/20：半导体（2026-07-21 至 2026-08-03）
2026-08-03 13:07:15,510 INFO sector_report.app - 同步历史 4/20：软件开发（2026-07-21 至 2026-08-03）
2026-08-03 13:07:16,794 INFO sector_report.app - 同步历史 5/20：IT服务（2026-07-21 至 2026-08-03）
2026-08-03 13:07:18,092 INFO sector_report.app - 同步历史 6/20：计算机设备（2026-07-21 至 2026-08-03）
2026-08-03 13:07:19,372 INFO sector_report.app - 同步历史 7/20：通信设备（2026-07-21 至 2026-08-03）
2026-08-03 13:07:20,635 INFO sector_report.app - 同步历史 8/20：消费电子（2026-07-21 至 2026-08-03）
2026-08-03 13:07:22,141 INFO sector_report.app - 同步历史 9/20：医疗器械（2026-07-21 至 2026-08-03）
2026-08-03 13:07:23,474 INFO sector_report.app - 同步历史 10/20：医疗服务（2026-07-21 至 2026-08-03）
2026-08-03 13:07:24,871 INFO sector_report.app - 同步历史 11/20：化学制药（2026-07-21 至 2026-08-03）
2026-08-03 13:07:26,150 INFO sector_report.app - 同步历史 12/20：生物制品（2026-07-21 至 2026-08-03）
2026-08-03 13:07:27,578 INFO sector_report.app - 同步历史 13/20：中药（2026-07-21 至 2026-08-03）
2026-08-03 13:07:28,885 INFO sector_report.app - 同步历史 14/20：光学光电子（2026-07-21 至 2026-08-03）
2026-08-03 13:07:30,186 INFO sector_report.app - 同步历史 15/20：光伏设备（2026-07-21 至 2026-08-03）
2026-08-03 13:07:31,464 INFO sector_report.app - 同步历史 16/20：风电设备（2026-07-21 至 2026-08-03）
2026-08-03 13:07:32,864 INFO sector_report.app - 同步历史 17/20：电池（2026-07-21 至 2026-08-03）
2026-08-03 13:07:34,164 INFO sector_report.app - 同步历史 18/20：电力（2026-07-21 至 2026-08-03）
2026-08-03 13:07:35,437 INFO sector_report.app - 同步历史 19/20：煤炭开采加工（2026-07-21 至 2026-08-03）
2026-08-03 13:07:36,752 INFO sector_report.app - 同步历史 20/20：油气开采及服务（2026-07-21 至 2026-08-03）
2026-08-03 13:07:39,621 INFO sector_report.app - dry-run 完成：E:\1-私募\7-分版块趋势\output\2026-08-03\report.html
2026-08-03 13:11:14,721 INFO sector_report.data_source - 使用 AKShare 1.18.64
2026-08-03 13:11:15,287 INFO sector_report.app - 同步历史 1/20：白酒（2026-07-21 至 2026-08-03）
2026-08-03 13:11:17,056 INFO sector_report.app - 同步历史 2/20：食品加工制造（2026-07-21 至 2026-08-03）
2026-08-03 13:11:18,355 INFO sector_report.app - 同步历史 3/20：半导体（2026-07-21 至 2026-08-03）
2026-08-03 13:11:19,678 INFO sector_report.app - 同步历史 4/20：软件开发（2026-07-21 至 2026-08-03）
2026-08-03 13:11:20,979 INFO sector_report.app - 同步历史 5/20：IT服务（2026-07-21 至 2026-08-03）
2026-08-03 13:11:22,360 INFO sector_report.app - 同步历史 6/20：计算机设备（2026-07-21 至 2026-08-03）
2026-08-03 13:11:23,637 INFO sector_report.app - 同步历史 7/20：通信设备（2026-07-21 至 2026-08-03）
2026-08-03 13:11:24,915 INFO sector_report.app - 同步历史 8/20：消费电子（2026-07-21 至 2026-08-03）
2026-08-03 13:11:26,276 INFO sector_report.app - 同步历史 9/20：医疗器械（2026-07-21 至 2026-08-03）
2026-08-03 13:11:27,816 INFO sector_report.app - 同步历史 10/20：医疗服务（2026-07-21 至 2026-08-03）
2026-08-03 13:11:29,169 INFO sector_report.app - 同步历史 11/20：化学制药（2026-07-21 至 2026-08-03）
2026-08-03 13:11:30,563 INFO sector_report.app - 同步历史 12/20：生物制品（2026-07-21 至 2026-08-03）
2026-08-03 13:11:32,267 INFO sector_report.app - 同步历史 13/20：中药（2026-07-21 至 2026-08-03）
2026-08-03 13:11:33,680 INFO sector_report.app - 同步历史 14/20：光学光电子（2026-07-21 至 2026-08-03）
2026-08-03 13:11:35,013 INFO sector_report.app - 同步历史 15/20：光伏设备（2026-07-21 至 2026-08-03）
2026-08-03 13:11:36,403 INFO sector_report.app - 同步历史 16/20：风电设备（2026-07-21 至 2026-08-03）
2026-08-03 13:11:37,919 INFO sector_report.app - 同步历史 17/20：电池（2026-07-21 至 2026-08-03）
2026-08-03 13:11:39,242 INFO sector_report.app - 同步历史 18/20：电力（2026-07-21 至 2026-08-03）
2026-08-03 13:11:40,593 INFO sector_report.app - 同步历史 19/20：煤炭开采加工（2026-07-21 至 2026-08-03）
2026-08-03 13:11:42,080 INFO sector_report.app - 同步历史 20/20：油气开采及服务（2026-07-21 至 2026-08-03）
2026-08-03 13:11:47,904 INFO sector_report.app - 报告已发送至 tfy1317262462@126.com
